[melhoraglicemica.site/promo-gotavita-mais1/index.html]
[backblue.gif]
[fade.gif]
[index.html]
[melhoraglicemica.site/wp-content/cache/wpfc-minified/6kz5q7oh/2bivx.css]
[melhoraglicemica.site/wp-content/cache/wpfc-minified/6msq79fz/2bivy.css]
[melhoraglicemica.site/wp-content/cache/wpfc-minified/111nee79/2bivx.js]
[melhoraglicemica.site/wp-content/uploads/2022/07/cropped-ico-site-32x32.png]
[melhoraglicemica.site/wp-content/uploads/2022/07/cropped-ico-site-192x192.png]
[melhoraglicemica.site/wp-content/uploads/2022/07/cropped-ico-site-180x180.png]
[gotavita.com.br/wp-content/themes/astra/assets/css/minified/main.minc480.css]
[gotavita.com.br/wp-includes/css/dist/block-library/style.min6a4d.css]
[gotavita.com.br/wp-content/plugins/elementor/assets/lib/eicons/css/elementor-icons.min3b94.css]
[gotavita.com.br/wp-content/plugins/elementor/assets/css/frontend.mina3be.css]
[gotavita.com.br/wp-content/plugins/elementor/assets/lib/swiper/css/swiper.min48f5.css]
[gotavita.com.br/wp-content/uploads/elementor/css/post-585e0.css]
[gotavita.com.br/wp-content/plugins/elementor/assets/lib/font-awesome/css/all.mina3be.css]
[gotavita.com.br/wp-content/plugins/elementor/assets/lib/font-awesome/css/v4-shims.mina3be.css]
[gotavita.com.br/wp-content/uploads/elementor/css/global6f8c.css]
[gotavita.com.br/wp-content/uploads/elementor/css/post-3452365f.css]
[gotavita.com.br/wp-content/plugins/happy-elementor-addons/assets/fonts/style.min3fd0.css]
[gotavita.com.br/wp-content/plugins/elementor/assets/lib/font-awesome/css/font-awesome.min1849.css]
[gotavita.com.br/wp-includes/js/jquery/jquery.mina7a0.js]
[gotavita.com.br/wp-includes/js/jquery/jquery-migrate.mind617.js]
[gotavita.com.br/wp-content/plugins/pixelyoursite/dist/scripts/jquery.bind-first-0.2.3.min6a4d.js]
[gotavita.com.br/wp-content/plugins/pixelyoursite/dist/scripts/js.cookie-2.1.3.min4c71.js]
[gotavita.com.br/wp-content/plugins/pixelyoursite/dist/scripts/publicc60b.js]
[gotavita.com.br/wp-content/plugins/elementor/assets/lib/font-awesome/js/v4-shims.mina3be.js]
[melhoraglicemica.site/wp-content/uploads/fbrfg/apple-touch-icon.1a.delayed]
[melhoraglicemica.site/wp-content/uploads/fbrfg/favicon-32x32.png]
[melhoraglicemica.site/wp-content/uploads/fbrfg/favicon-16x16.png]
[gotavita.com.br/wp-content/uploads/2022/03/cropped-icon-32x32.png]
[gotavita.com.br/wp-content/uploads/2022/03/cropped-icon-192x192.png]
[gotavita.com.br/wp-content/uploads/2022/03/cropped-icon-180x180.png]
[cdn.taboola.com/libtrc/unip/1458121/tfa.js]
[gotavita.com.br/wp-content/uploads/2022/07/15-1.png]
[connect.facebook.net/en_US/fbevents.js]
[gotavita.com.br/wp-content/uploads/2022/07/13.png]
[gotavita.com.br/wp-content/uploads/2022/07/14-1.png]
[gotavita.com.br/wp-content/uploads/2022/07/1-1-576x1024-min.png]
[gotavita.com.br/wp-content/uploads/2022/07/2-1-576x1024-min.png]
[gotavita.com.br/wp-content/uploads/2022/07/3-1-576x1024-min.png]
[gotavita.com.br/wp-content/uploads/2022/03/pagamentoFooter.png]
[gotavita.com.br/wp-content/uploads/2022/03/correios.png]
[gotavita.com.br/wp-content/plugins/elementor/assets/lib/animations/animations.mina3be.css]
[gotavita.com.br/wp-content/themes/astra/assets/js/minified/frontend.minc480.js]
[gotavita.com.br/wp-content/plugins/backexit-redirect-master/public/js/ber97de.js]
[gotavita.com.br/wp-content/plugins/happy-elementor-addons/assets/js/happy-addons.min3fd0.js]
[gotavita.com.br/wp-content/plugins/elementor/assets/js/webpack.runtime.mina3be.js]
[gotavita.com.br/wp-content/plugins/elementor/assets/js/frontend-modules.mina3be.js]
[gotavita.com.br/wp-content/plugins/elementor/assets/lib/waypoints/waypoints.min05da.js]
[gotavita.com.br/wp-includes/js/jquery/ui/core.min3f14.js]
[gotavita.com.br/wp-content/plugins/elementor/assets/js/frontend.mina3be.js]
[melhoraglicemica.site/wp-content/cache/autoptimize/js/autoptimize_2f45a26f4deea31adef207388eebe553.js]
[melhoraglicemica.site/wp-includes/js/dist/vendor/regenerator-runtime.min3937.js]
[melhoraglicemica.site/wp-includes/js/dist/vendor/wp-polyfill.min2c7c.js]
[melhoraglicemica.site/wp-includes/js/dist/hooks.min6c65.js]
[melhoraglicemica.site/wp-includes/js/dist/i18n.mine57b.js]
[melhoraglicemica.site/promo-gotavita-mais1/index.html]
[melhoraglicemica.site/wp-content/cache/wpfc-minified/6kz5q7oh/2bivx.css]
[melhoraglicemica.site/wp-content/cache/wpfc-minified/6msq79fz/2bivy.css]
[www.googletagmanager.com/gtm5445.html]
[gotavita.com.br/wp-content/themes/astra/assets/css/minified/main.minc480.css]
[gotavita.com.br/wp-includes/css/dist/block-library/style.min6a4d.css]
[gotavita.com.br/wp-content/plugins/elementor/assets/lib/eicons/css/elementor-icons.min3b94.css]
[gotavita.com.br/wp-content/plugins/elementor/assets/css/frontend.mina3be.css]
[gotavita.com.br/wp-content/plugins/elementor/assets/lib/swiper/css/swiper.min48f5.css]
[gotavita.com.br/wp-content/uploads/elementor/css/post-585e0.css]
[gotavita.com.br/wp-content/plugins/elementor/assets/lib/font-awesome/css/all.mina3be.css]
[gotavita.com.br/wp-content/plugins/elementor/assets/lib/font-awesome/css/v4-shims.mina3be.css]
[gotavita.com.br/wp-content/uploads/elementor/css/global6f8c.css]
[gotavita.com.br/wp-content/uploads/2022/07/green-natural-background-greenery-background-scaled-1.jpg]
[gotavita.com.br/wp-content/uploads/2022/07/green-leaves-blurred-greenery-tree-background-scaled-1.jpg]
[gotavita.com.br/wp-content/uploads/elementor/css/post-3452365f.css]
[gotavita.com.br/wp-content/plugins/happy-elementor-addons/assets/fonts/happy-icons.woff2]
[gotavita.com.br/wp-content/plugins/happy-elementor-addons/assets/fonts/happy-icons.woff]
[gotavita.com.br/wp-content/plugins/happy-elementor-addons/assets/fonts/style.min3fd0.css]
[gotavita.com.br/wp-content/plugins/elementor/assets/lib/font-awesome/css/font-awesome.min1849.css]
[melhoraglicemica.site/wp-content/uploads/fbrfg/apple-touch-icon.html]
[melhoraglicemica.site/wp-content/uploads/fbrfg/favicon-32x32.html]
[melhoraglicemica.site/wp-content/uploads/fbrfg/favicon-16x16.html]
[gotavita.com.br/wp-content/plugins/happy-elementor-addons/assets/fonts/happy-icons.svg]
[melhoraglicemica.site/promo-gotavita-mais1/POST]
[connect.facebook.net/en_US/fbevents.js]
[gotavita.com.br/wp-content/plugins/elementor/assets/lib/animations/animations.mina3be.css]
[gotavita.com.br/wp-content/plugins/happy-elementor-addons/assets/fonts/happy-icons.svg]
[melhoraglicemica.site/promo-gotavita-mais1/POST.html]
